Archive member included to satisfy reference by file (symbol)

C:/ST/STM32CubeIDE_1.16.1/STM32CubeIDE/plugins/com.st.stm32cube.ide.mcu.externaltools.gnu-tools-for-stm32.12.3.rel1.win32_1.0.200.202406191623/tools/bin/../lib/gcc/arm-none-eabi/12.3.1/../../../../arm-none-eabi/lib/thumb/v7-m/nofp\libc_nano.a(libc_a-exit.o)
                              C:/ST/STM32CubeIDE_1.16.1/STM32CubeIDE/plugins/com.st.stm32cube.ide.mcu.externaltools.gnu-tools-for-stm32.12.3.rel1.win32_1.0.200.202406191623/tools/bin/../lib/gcc/arm-none-eabi/12.3.1/../../../../arm-none-eabi/lib/thumb/v7-m/nofp/crt0.o (exit)
C:/ST/STM32CubeIDE_1.16.1/STM32CubeIDE/plugins/com.st.stm32cube.ide.mcu.externaltools.gnu-tools-for-stm32.12.3.rel1.win32_1.0.200.202406191623/tools/bin/../lib/gcc/arm-none-eabi/12.3.1/../../../../arm-none-eabi/lib/thumb/v7-m/nofp\libc_nano.a(libc_a-findfp.o)
                              C:/ST/STM32CubeIDE_1.16.1/STM32CubeIDE/plugins/com.st.stm32cube.ide.mcu.externaltools.gnu-tools-for-stm32.12.3.rel1.win32_1.0.200.202406191623/tools/bin/../lib/gcc/arm-none-eabi/12.3.1/../../../../arm-none-eabi/lib/thumb/v7-m/nofp\libc_nano.a(libc_a-exit.o) (__stdio_exit_handler)
C:/ST/STM32CubeIDE_1.16.1/STM32CubeIDE/plugins/com.st.stm32cube.ide.mcu.externaltools.gnu-tools-for-stm32.12.3.rel1.win32_1.0.200.202406191623/tools/bin/../lib/gcc/arm-none-eabi/12.3.1/../../../../arm-none-eabi/lib/thumb/v7-m/nofp\libc_nano.a(libc_a-fwalk.o)
                              C:/ST/STM32CubeIDE_1.16.1/STM32CubeIDE/plugins/com.st.stm32cube.ide.mcu.externaltools.gnu-tools-for-stm32.12.3.rel1.win32_1.0.200.202406191623/tools/bin/../lib/gcc/arm-none-eabi/12.3.1/../../../../arm-none-eabi/lib/thumb/v7-m/nofp\libc_nano.a(libc_a-findfp.o) (_fwalk_sglue)
C:/ST/STM32CubeIDE_1.16.1/STM32CubeIDE/plugins/com.st.stm32cube.ide.mcu.externaltools.gnu-tools-for-stm32.12.3.rel1.win32_1.0.200.202406191623/tools/bin/../lib/gcc/arm-none-eabi/12.3.1/../../../../arm-none-eabi/lib/thumb/v7-m/nofp\libc_nano.a(libc_a-stdio.o)
                              C:/ST/STM32CubeIDE_1.16.1/STM32CubeIDE/plugins/com.st.stm32cube.ide.mcu.externaltools.gnu-tools-for-stm32.12.3.rel1.win32_1.0.200.202406191623/tools/bin/../lib/gcc/arm-none-eabi/12.3.1/../../../../arm-none-eabi/lib/thumb/v7-m/nofp\libc_nano.a(libc_a-findfp.o) (__sread)
C:/ST/STM32CubeIDE_1.16.1/STM32CubeIDE/plugins/com.st.stm32cube.ide.mcu.externaltools.gnu-tools-for-stm32.12.3.rel1.win32_1.0.200.202406191623/tools/bin/../lib/gcc/arm-none-eabi/12.3.1/../../../../arm-none-eabi/lib/thumb/v7-m/nofp\libc_nano.a(libc_a-memset.o)
                              C:/ST/STM32CubeIDE_1.16.1/STM32CubeIDE/plugins/com.st.stm32cube.ide.mcu.externaltools.gnu-tools-for-stm32.12.3.rel1.win32_1.0.200.202406191623/tools/bin/../lib/gcc/arm-none-eabi/12.3.1/../../../../arm-none-eabi/lib/thumb/v7-m/nofp/crt0.o (memset)
C:/ST/STM32CubeIDE_1.16.1/STM32CubeIDE/plugins/com.st.stm32cube.ide.mcu.externaltools.gnu-tools-for-stm32.12.3.rel1.win32_1.0.200.202406191623/tools/bin/../lib/gcc/arm-none-eabi/12.3.1/../../../../arm-none-eabi/lib/thumb/v7-m/nofp\libc_nano.a(libc_a-closer.o)
                              C:/ST/STM32CubeIDE_1.16.1/STM32CubeIDE/plugins/com.st.stm32cube.ide.mcu.externaltools.gnu-tools-for-stm32.12.3.rel1.win32_1.0.200.202406191623/tools/bin/../lib/gcc/arm-none-eabi/12.3.1/../../../../arm-none-eabi/lib/thumb/v7-m/nofp\libc_nano.a(libc_a-stdio.o) (_close_r)
C:/ST/STM32CubeIDE_1.16.1/STM32CubeIDE/plugins/com.st.stm32cube.ide.mcu.externaltools.gnu-tools-for-stm32.12.3.rel1.win32_1.0.200.202406191623/tools/bin/../lib/gcc/arm-none-eabi/12.3.1/../../../../arm-none-eabi/lib/thumb/v7-m/nofp\libc_nano.a(libc_a-reent.o)
                              C:/ST/STM32CubeIDE_1.16.1/STM32CubeIDE/plugins/com.st.stm32cube.ide.mcu.externaltools.gnu-tools-for-stm32.12.3.rel1.win32_1.0.200.202406191623/tools/bin/../lib/gcc/arm-none-eabi/12.3.1/../../../../arm-none-eabi/lib/thumb/v7-m/nofp\libc_nano.a(libc_a-closer.o) (errno)
C:/ST/STM32CubeIDE_1.16.1/STM32CubeIDE/plugins/com.st.stm32cube.ide.mcu.externaltools.gnu-tools-for-stm32.12.3.rel1.win32_1.0.200.202406191623/tools/bin/../lib/gcc/arm-none-eabi/12.3.1/../../../../arm-none-eabi/lib/thumb/v7-m/nofp\libc_nano.a(libc_a-impure.o)
                              C:/ST/STM32CubeIDE_1.16.1/STM32CubeIDE/plugins/com.st.stm32cube.ide.mcu.externaltools.gnu-tools-for-stm32.12.3.rel1.win32_1.0.200.202406191623/tools/bin/../lib/gcc/arm-none-eabi/12.3.1/../../../../arm-none-eabi/lib/thumb/v7-m/nofp\libc_nano.a(libc_a-reent.o) (_impure_ptr)
C:/ST/STM32CubeIDE_1.16.1/STM32CubeIDE/plugins/com.st.stm32cube.ide.mcu.externaltools.gnu-tools-for-stm32.12.3.rel1.win32_1.0.200.202406191623/tools/bin/../lib/gcc/arm-none-eabi/12.3.1/../../../../arm-none-eabi/lib/thumb/v7-m/nofp\libc_nano.a(libc_a-lseekr.o)
[...]
Memory Configuration

Name             Origin             Length             Attributes
RAM              0x20000000         0x00005000         xrw
FLASH            0x08000000         0x00010000         xr
*default*        0x00000000         0xffffffff

Linker script and memory map

LOAD C:/ST/STM32CubeIDE_1.16.1/STM32CubeIDE/plugins/com.st.stm32cube.ide.mcu.externaltools.gnu-tools-for-stm32.12.3.rel1.win32_1.0.200.202406191623/tools/bin/../lib/gcc/arm-none-eabi/12.3.1/thumb/v7-m/nofp/crti.o
LOAD C:/ST/STM32CubeIDE_1.16.1/STM32CubeIDE/plugins/com.st.stm32cube.ide.mcu.externaltools.gnu-tools-for-stm32.12.3.rel1.win32_1.0.200.202406191623/tools/bin/../lib/gcc/arm-none-eabi/12.3.1/thumb/v7-m/nofp/crtbegin.o
LOAD C:/ST/STM32CubeIDE_1.16.1/STM32CubeIDE/plugins/com.st.stm32cube.ide.mcu.externaltools.gnu-tools-for-stm32.12.3.rel1.win32_1.0.200.202406191623/tools/bin/../lib/gcc/arm-none-eabi/12.3.1/../../../../arm-none-eabi/lib/thumb/v7-m/nofp/crt0.o
LOAD ./HAL/TFT/TFT_program.o
LOAD ./MCAL/GPIO/GPIO_program.o
LOAD ./MCAL/RCC/RCC_program.o
LOAD ./MCAL/SPI/SPI_prog.o
LOAD ./MCAL/STK/STk_program.o
LOAD ./main.o
LOAD ./startup_stm32f103c8tx.o
START GROUP
LOAD C:/ST/STM32CubeIDE_1.16.1/STM32CubeIDE/plugins/com.st.stm32cube.ide.mcu.externaltools.gnu-tools-for-stm32.12.3.rel1.win32_1.0.200.202406191623/tools/bin/../lib/gcc/arm-none-eabi/12.3.1/../../../../arm-none-eabi/lib/thumb/v7-m/nofp\libc_nano.a
LOAD C:/ST/STM32CubeIDE_1.16.1/STM32CubeIDE/plugins/com.st.stm32cube.ide.mcu.externaltools.gnu-tools-for-stm32.12.3.rel1.win32_1.0.200.202406191623/tools/bin/../lib/gcc/arm-none-eabi/12.3.1/../../../../arm-none-eabi/lib/thumb/v7-m/nofp\libm.a
END GROUP
START GROUP
LOAD C:/ST/STM32CubeIDE_1.16.1/STM32CubeIDE/plugins/com.st.stm32cube.ide.mcu.externaltools.gnu-tools-for-stm32.12.3.rel1.win32_1.0.200.202406191623/tools/bin/../lib/gcc/arm-none-eabi/12.3.1/thumb/v7-m/nofp\libgcc.a
LOAD C:/ST/STM32CubeIDE_1.16.1/STM32CubeIDE/plugins/com.st.stm32cube.ide.mcu.externaltools.gnu-tools-for-stm32.12.3.rel1.win32_1.0.200.202406191623/tools/bin/../lib/gcc/arm-none-eabi/12.3.1/../../../../arm-none-eabi/lib/thumb/v7-m/nofp\libc_nano.a
END GROUP
START GROUP
LOAD C:/ST/STM32CubeIDE_1.16.1/STM32CubeIDE/plugins/com.st.stm32cube.ide.mcu.externaltools.gnu-tools-for-stm32.12.3.rel1.win32_1.0.200.202406191623/tools/bin/../lib/gcc/arm-none-eabi/12.3.1/thumb/v7-m/nofp\libgcc.a
LOAD C:/ST/STM32CubeIDE_1.16.1/STM32CubeIDE/plugins/com.st.stm32cube.ide.mcu.externaltools.gnu-tools-for-stm32.12.3.rel1.win32_1.0.200.202406191623/tools/bin/../lib/gcc/arm-none-eabi/12.3.1/../../../../arm-none-eabi/lib/thumb/v7-m/nofp\libc_nano.a
LOAD C:/ST/STM32CubeIDE_1.16.1/STM32CubeIDE/plugins/com.st.stm32cube.ide.mcu.externaltools.gnu-tools-for-stm32.12.3.rel1.win32_1.0.200.202406191623/tools/bin/../lib/gcc/arm-none-eabi/12.3.1/../../../../arm-none-eabi/lib/thumb/v7-m/nofp\libnosys.a
END GROUP
START GROUP
LOAD C:/ST/STM32CubeIDE_1.16.1/STM32CubeIDE/plugins/com.st.stm32cube.ide.mcu.externaltools.gnu-tools-for-stm32.12.3.rel1.win32_1.0.200.202406191623/tools/bin/../lib/gcc/arm-none-eabi/12.3.1/thumb/v7-m/nofp\libgcc.a
LOAD C:/ST/STM32CubeIDE_1.16.1/STM32CubeIDE/plugins/com.st.stm32cube.ide.mcu.externaltools.gnu-tools-for-stm32.12.3.rel1.win32_1.0.200.202406191623/tools/bin/../lib/gcc/arm-none-eabi/12.3.1/../../../../arm-none-eabi/lib/thumb/v7-m/nofp\libc_nano.a
LOAD C:/ST/STM32CubeIDE_1.16.1/STM32CubeIDE/plugins/com.st.stm32cube.ide.mcu.externaltools.gnu-tools-for-stm32.12.3.rel1.win32_1.0.200.202406191623/tools/bin/../lib/gcc/arm-none-eabi/12.3.1/../../../../arm-none-eabi/lib/thumb/v7-m/nofp\libnosys.a
END GROUP
LOAD C:/ST/STM32CubeIDE_1.16.1/STM32CubeIDE/plugins/com.st.stm32cube.ide.mcu.externaltools.gnu-tools-for-stm32.12.3.rel1.win32_1.0.200.202406191623/tools/bin/../lib/gcc/arm-none-eabi/12.3.1/thumb/v7-m/nofp/crtend.o
LOAD C:/ST/STM32CubeIDE_1.16.1/STM32CubeIDE/plugins/com.st.stm32cube.ide.mcu.externaltools.gnu-tools-for-stm32.12.3.rel1.win32_1.0.200.202406191623/tools/bin/../lib/gcc/arm-none-eabi/12.3.1/thumb/v7-m/nofp/crtn.o
                0x20005000                        _estack = (ORIGIN (RAM) + LENGTH (RAM))
                0x00000200                        _Min_Heap_Size = 0x200
                0x00000400                        _Min_Stack_Size = 0x400

.isr_vector     0x08000000      0x130
                0x08000000                        . = ALIGN (0x4)
 *(.isr_vector)
 .isr_vector    0x08000000      0x130 ./startup_stm32f103c8tx.o
                0x08000000                g_pfnVectors
                0x08000130                        . = ALIGN (0x4)

.text           0x08000130      0xc54
                0x08000130                        . = ALIGN (0x4)
 *(.text)
 .text          0x08000130       0x40 C:/ST/STM32CubeIDE_1.16.1/STM32CubeIDE/plugins/com.st.stm32cube.ide.mcu.externaltools.gnu-tools-for-stm32.12.3.rel1.win32_1.0.200.202406191623/tools/bin/../lib/gcc/arm-none-eabi/12.3.1/thumb/v7-m/nofp/crtbegin.o
 .text          0x08000170      0x21c C:/ST/STM32CubeIDE_1.16.1/STM32CubeIDE/plugins/com.st.stm32cube.ide.mcu.externaltools.gnu-tools-for-stm32.12.3.rel1.win32_1.0.200.202406191623/tools/bin/../lib/gcc/arm-none-eabi/12.3.1/thumb/v7-m/nofp\libgcc.a(_arm_addsubsf3.o)
                0x08000170                __aeabi_frsub
                0x08000178                __subsf3
                0x08000178                __aeabi_fsub
                0x0800017c                __aeabi_fadd
                0x0800017c                __addsf3
                0x080002dc                __aeabi_ui2f
                0x080002dc                __floatunsisf
                0x080002e4                __aeabi_i2f
                0x080002e4                __floatsisf
                0x08000300                __aeabi_ul2f
                0x08000300                __floatundisf
                0x08000310                __aeabi_l2f
                0x08000310                __floatdisf
 .text          0x0800038c      0x2a0 C:/ST/STM32CubeIDE_1.16.1/STM32CubeIDE/plugins/com.st.stm32cube.ide.mcu.externaltools.gnu-tools-for-stm32.12.3.rel1.win32_1.0.200.202406191623/tools/bin/../lib/gcc/arm-none-eabi/12.3.1/thumb/v7-m/nofp\libgcc.a(_arm_muldivsf3.o)
                0x0800038c                __mulsf3
                0x0800038c                __aeabi_fmul
                0x080004f4                __aeabi_fdiv
                0x080004f4                __divsf3
 .text          0x0800062c       0x40 C:/ST/STM32CubeIDE_1.16.1/STM32CubeIDE/plugins/com.st.stm32cube.ide.mcu.externaltools.gnu-tools-for-stm32.12.3.rel1.win32_1.0.200.202406191623/tools/bin/../lib/gcc/arm-none-eabi/12.3.1/thumb/v7-m/nofp\libgcc.a(_arm_fixunssfsi.o)
                0x0800062c                __fixunssfsi
                0x0800062c                __aeabi_f2uiz
 *(.text*)
 .text.TFT_voidInit
                0x0800066c       0x8c ./HAL/TFT/TFT_program.o
                0x0800066c                TFT_voidInit
 .text.TFT_voidDisplayImage
                0x080006f8       0x94 ./HAL/TFT/TFT_program.o
                0x080006f8                TFT_voidDisplayImage
 .text.voidWriteCommand
                0x0800078c       0x24 ./HAL/TFT/TFT_program.o
 .text.voidWriteData
                0x080007b0       0x24 ./HAL/TFT/TFT_program.o
 .text.GPIO_voidSetPinDirection
                0x080007d4      0x1b0 ./MCAL/GPIO/GPIO_program.o
                0x080007d4                GPIO_voidSetPinDirection
 .text.GPIO_voidSetPinValue
                0x08000984       0xc4 ./MCAL/GPIO/GPIO_program.o
                0x08000984                GPIO_voidSetPinValue
 .text.RCC_voidInitSysClock
                0x08000a48       0x34 ./MCAL/RCC/RCC_program.o
                0x08000a48                RCC_voidInitSysClock
 .text.RCC_voidEnableClock
                0x08000a7c       0x7c ./MCAL/RCC/RCC_program.o
                0x08000a7c                RCC_voidEnableClock
 .text.SPI_Init
                0x08000af8       0x6c ./MCAL/SPI/SPI_prog.o
                0x08000af8                SPI_Init
 .text.SPI_Send
                0x08000b64       0x2c ./MCAL/SPI/SPI_prog.o
                0x08000b64                SPI_Send
 .text.STK_voidInit
                0x08000b90       0x30 ./MCAL/STK/STk_program.o
                0x08000b90                STK_voidInit
 .text.STK_delay
                0x08000bc0       0x78 ./MCAL/STK/STk_program.o
                0x08000bc0                STK_delay
 .text.SysTick_Handler
                0x08000c38       0x3c ./MCAL/STK/STk_program.o
                0x08000c38                SysTick_Handler
 .text.main     0x08000c74       0x5c ./main.o
                0x08000c74                main
 .text.Reset_Handler
                0x08000cd0       0x50 ./startup_stm32f103c8tx.o
                0x08000cd0                Reset_Handler
 .text.Default_Handler
                0x08000d20        0x2 ./startup_stm32f103c8tx.o
                0x08000d20                EXTI2_IRQHandler
                0x08000d20                TIM8_TRG_COM_IRQHandler
                0x08000d20                TIM8_CC_IRQHandler
                0x08000d20                DebugMon_Handler
                0x08000d20                TIM1_CC_IRQHandler
                0x08000d20                HardFault_Handler
                0x08000d20                TIM6_IRQHandler
                0x08000d20                PVD_IRQHandler
                0x08000d20                SDIO_IRQHandler
                0x08000d20                PendSV_Handler
                0x08000d20                NMI_Handler
                0x08000d20                EXTI3_IRQHandler
                0x08000d20                USB_HP_CAN_TX_IRQHandler
                0x08000d20                EXTI0_IRQHandler
                0x08000d20                I2C2_EV_IRQHandler
                0x08000d20                UsageFault_Handler
                0x08000d20                ADC1_2_IRQHandler
                0x08000d20                SPI1_IRQHandler
                0x08000d20                CAN_SCE_IRQHandler
                0x08000d20                TAMPER_IRQHandler
                0x08000d20                TIM8_UP_IRQHandler
                0x08000d20                DMA2_Channel2_IRQHandler
                0x08000d20                DMA1_Channel4_IRQHandler
                0x08000d20                USART3_IRQHandler
                0x08000d20                RTC_IRQHandler
                0x08000d20                DMA1_Channel7_IRQHandler
                0x08000d20                UART5_IRQHandler
                0x08000d20                ADC3_IRQHandler
                0x08000d20                TIM4_IRQHandler
                0x08000d20                CAN_RX1_IRQHandler
                0x08000d20                DMA2_Channel1_IRQHandler
                0x08000d20                I2C1_EV_IRQHandler
                0x08000d20                DMA1_Channel6_IRQHandler
                0x08000d20                UART4_IRQHandler
                0x08000d20                TIM3_IRQHandler
                0x08000d20                RCC_IRQHandler
                0x08000d20                TIM1_TRG_COM_IRQHandler
                0x08000d20                DMA1_Channel1_IRQHandler
                0x08000d20                Default_Handler
                0x08000d20                EXTI15_10_IRQHandler
                0x08000d20                TIM7_IRQHandler
                0x08000d20                TIM5_IRQHandler
                0x08000d20                EXTI9_5_IRQHandler
                0x08000d20                SPI2_IRQHandler
                0x08000d20                USB_LP_CAN_RX0_IRQHandler
                0x08000d20                MemManage_Handler
                0x08000d20                SVC_Handler
                0x08000d20                DMA1_Channel5_IRQHandler
                0x08000d20                EXTI4_IRQHandler
                0x08000d20                DMA1_Channel3_IRQHandler
                0x08000d20                FSMC_IRQHandler
                0x08000d20                TIM1_UP_IRQHandler
                0x08000d20                WWDG_IRQHandler
                0x08000d20                TIM2_IRQHandler
                0x08000d20                TIM1_BRK_IRQHandler
                0x08000d20                EXTI1_IRQHandler
                0x08000d20                RTCAlarm_IRQHandler
                0x08000d20                DMA2_Channel4_5_IRQHandler
                0x08000d20                USART2_IRQHandler
                0x08000d20                I2C2_ER_IRQHandler
                0x08000d20                DMA1_Channel2_IRQHandler
                0x08000d20                TIM8_BRK_IRQHandler
                0x08000d20                FLASH_IRQHandler
                0x08000d20                BusFault_Handler
                0x08000d20                USART1_IRQHandler
                0x08000d20                SPI3_IRQHandler
                0x08000d20                I2C1_ER_IRQHandler
                0x08000d20                DMA2_Channel3_IRQHandler
 *fill*         0x08000d22        0x2 
 .text.__libc_init_array
                0x08000d24       0x48 C:/ST/STM32CubeIDE_1.16.1/STM32CubeIDE/plugins/com.st.stm32cube.ide.mcu.externaltools.gnu-tools-for-stm32.12.3.rel1.win32_1.0.200.202406191623/tools/bin/../lib/gcc/arm-none-eabi/12.3.1/../../../../arm-none-eabi/lib/thumb/v7-m/nofp\libc_nano.a(libc_a-init.o)
                0x08000d24                __libc_init_array
 *(.glue_7)
 .glue_7        0x08000d6c        0x0 linker stubs
 *(.glue_7t)
 .glue_7t       0x08000d6c        0x0 linker stubs
 *(.eh_frame)
 .eh_frame      0x08000d6c        0x0 C:/ST/STM32CubeIDE_1.16.1/STM32CubeIDE/plugins/com.st.stm32cube.ide.mcu.externaltools.gnu-tools-for-stm32.12.3.rel1.win32_1.0.200.202406191623/tools/bin/../lib/gcc/arm-none-eabi/12.3.1/thumb/v7-m/nofp/crtbegin.o
 *(.init)
 .init          0x08000d6c        0x4 C:/ST/STM32CubeIDE_1.16.1/STM32CubeIDE/plugins/com.st.stm32cube.ide.mcu.externaltools.gnu-tools-for-stm32.12.3.rel1.win32_1.0.200.202406191623/tools/bin/../lib/gcc/arm-none-eabi/12.3.1/thumb/v7-m/nofp/crti.o
                0x08000d6c                _init
 .init          0x08000d70        0x8 C:/ST/STM32CubeIDE_1.16.1/STM32CubeIDE/plugins/com.st.stm32cube.ide.mcu.externaltools.gnu-tools-for-stm32.12.3.rel1.win32_1.0.200.202406191623/tools/bin/../lib/gcc/arm-none-eabi/12.3.1/thumb/v7-m/nofp/crtn.o
 *(.fini)
 .fini          0x08000d78        0x4 C:/ST/STM32CubeIDE_1.16.1/STM32CubeIDE/plugins/com.st.stm32cube.ide.mcu.externaltools.gnu-tools-for-stm32.12.3.rel1.win32_1.0.200.202406191623/tools/bin/../lib/gcc/arm-none-eabi/12.3.1/thumb/v7-m/nofp/crti.o
                0x08000d78                _fini
 .fini          0x08000d7c        0x8 C:/ST/STM32CubeIDE_1.16.1/STM32CubeIDE/plugins/com.st.stm32cube.ide.mcu.externaltools.gnu-tools-for-stm32.12.3.rel1.win32_1.0.200.202406191623/tools/bin/../lib/gcc/arm-none-eabi/12.3.1/thumb/v7-m/nofp/crtn.o
                0x08000d84                        . = ALIGN (0x4)
                0x08000d84                        _etext = .

.vfp11_veneer   0x08000d84        0x0
 .vfp11_veneer  0x08000d84        0x0 linker stubs

.v4_bx          0x08000d84        0x0
 .v4_bx         0x08000d84        0x0 linker stubs

.iplt           0x08000d84        0x0
 .iplt          0x08000d84        0x0 C:/ST/STM32CubeIDE_1.16.1/STM32CubeIDE/plugins/com.st.stm32cube.ide.mcu.externaltools.gnu-tools-for-stm32.12.3.rel1.win32_1.0.200.202406191623/tools/bin/../lib/gcc/arm-none-eabi/12.3.1/thumb/v7-m/nofp/crtbegin.o

.rodata         0x08000d84     0x7fb8
                0x08000d84                        . = ALIGN (0x4)
 *(.rodata)
 *(.rodata*)
 .rodata.arr    0x08000d84     0x7fb8 ./main.o
                0x08000d84                arr
                0x08008d3c                        . = ALIGN (0x4)

.ARM.extab      0x08008d3c        0x0
                0x08008d3c                        . = ALIGN (0x4)
 *(.ARM.extab* .gnu.linkonce.armextab.*)
                0x08008d3c                        . = ALIGN (0x4)

.ARM            0x08008d3c        0x0
                0x08008d3c                        . = ALIGN (0x4)
                0x08008d3c                        __exidx_start = .
 *(.ARM.exidx*)
                0x08008d3c                        __exidx_end = .
                0x08008d3c                        . = ALIGN (0x4)

.preinit_array  0x08008d3c        0x0
                0x08008d3c                        . = ALIGN (0x4)
                0x08008d3c                        PROVIDE (__preinit_array_start = .)
 *(.preinit_array*)
                0x08008d3c                        PROVIDE (__preinit_array_end = .)
                0x08008d3c                        . = ALIGN (0x4)

.init_array     0x08008d3c        0x4
                0x08008d3c                        . = ALIGN (0x4)
                0x08008d3c                        PROVIDE (__init_array_start = .)
 *(SORT_BY_NAME(.init_array.*))
 *(.init_array*)
 .init_array    0x08008d3c        0x4 C:/ST/STM32CubeIDE_1.16.1/STM32CubeIDE/plugins/com.st.stm32cube.ide.mcu.externaltools.gnu-tools-for-stm32.12.3.rel1.win32_1.0.200.202406191623/tools/bin/../lib/gcc/arm-none-eabi/12.3.1/thumb/v7-m/nofp/crtbegin.o
                0x08008d40                        PROVIDE (__init_array_end = .)
                0x08008d40                        . = ALIGN (0x4)

.fini_array     0x08008d40        0x4
                0x08008d40                        . = ALIGN (0x4)
                [!provide]                        PROVIDE (__fini_array_start = .)
 *(SORT_BY_NAME(.fini_array.*))
 *(.fini_array*)
 .fini_array    0x08008d40        0x4 C:/ST/STM32CubeIDE_1.16.1/STM32CubeIDE/plugins/com.st.stm32cube.ide.mcu.externaltools.gnu-tools-for-stm32.12.3.rel1.win32_1.0.200.202406191623/tools/bin/../lib/gcc/arm-none-eabi/12.3.1/thumb/v7-m/nofp/crtbegin.o
                [!provide]                        PROVIDE (__fini_array_end = .)
                0x08008d44                        . = ALIGN (0x4)
                0x08008d44                        _sidata = LOADADDR (.data)

.rel.dyn        0x08008d44        0x0
 .rel.iplt      0x08008d44        0x0 C:/ST/STM32CubeIDE_1.16.1/STM32CubeIDE/plugins/com.st.stm32cube.ide.mcu.externaltools.gnu-tools-for-stm32.12.3.rel1.win32_1.0.200.202406191623/tools/bin/../lib/gcc/arm-none-eabi/12.3.1/thumb/v7-m/nofp/crtbegin.o

.data           0x20000000        0x0 load address 0x08008d44
                0x20000000                        . = ALIGN (0x4)
                0x20000000                        _sdata = .
 *(.data)
 *(.data*)
 *(.RamFunc)
 *(.RamFunc*)
                0x20000000                        . = ALIGN (0x4)
                0x20000000                        _edata = .

.igot.plt       0x20000000        0x0 load address 0x08008d44
 .igot.plt      0x20000000        0x0 C:/ST/STM32CubeIDE_1.16.1/STM32CubeIDE/plugins/com.st.stm32cube.ide.mcu.externaltools.gnu-tools-for-stm32.12.3.rel1.win32_1.0.200.202406191623/tools/bin/../lib/gcc/arm-none-eabi/12.3.1/thumb/v7-m/nofp/crtbegin.o
                0x20000000                        . = ALIGN (0x4)

.bss            0x20000000       0x24 load address 0x08008d44
                0x20000000                        _sbss = .
                0x20000000                        __bss_start__ = _sbss
 *(.bss)
 .bss           0x20000000       0x1c C:/ST/STM32CubeIDE_1.16.1/STM32CubeIDE/plugins/com.st.stm32cube.ide.mcu.externaltools.gnu-tools-for-stm32.12.3.rel1.win32_1.0.200.202406191623/tools/bin/../lib/gcc/arm-none-eabi/12.3.1/thumb/v7-m/nofp/crtbegin.o
 *(.bss*)
 .bss.STK_CallBack
                0x2000001c        0x4 ./MCAL/STK/STk_program.o
 .bss.STK_u8ModeOfInterval
                0x20000020        0x1 ./MCAL/STK/STk_program.o
                0x20000020                STK_u8ModeOfInterval
 *(COMMON)
                0x20000024                        . = ALIGN (0x4)
 *fill*         0x20000021        0x3 
                0x20000024                        _ebss = .
                0x20000024                        __bss_end__ = _ebss

._user_heap_stack
                0x20000024      0x604 load address 0x08008d44
                0x20000028                        . = ALIGN (0x8)
 *fill*         0x20000024        0x4 
                0x20000028                        PROVIDE (end = .)
                [!provide]                        PROVIDE (_end = .)
                0x20000228                        . = (. + _Min_Heap_Size)
 *fill*         0x20000028      0x200 
                0x20000628                        . = (. + _Min_Stack_Size)
 *fill*         0x20000228      0x400 
                0x20000628                        . = ALIGN (0x8)

/DISCARD/
 libc.a(*)
 libm.a(*)
 libgcc.a(*)

.ARM.attributes
                0x00000000       0x29
 *(.ARM.attributes)
 .ARM.attributes
                0x00000000       0x1d C:/ST/STM32CubeIDE_1.16.1/STM32CubeIDE/plugins/com.st.stm32cube.ide.mcu.externaltools.gnu-tools-for-stm32.12.3.rel1.win32_1.0.200.202406191623/tools/bin/../lib/gcc/arm-none-eabi/12.3.1/thumb/v7-m/nofp/crti.o
 .ARM.attributes
                0x0000001d       0x2d C:/ST/STM32CubeIDE_1.16.1/STM32CubeIDE/plugins/com.st.stm32cube.ide.mcu.externaltools.gnu-tools-for-stm32.12.3.rel1.win32_1.0.200.202406191623/tools/bin/../lib/gcc/arm-none-eabi/12.3.1/thumb/v7-m/nofp/crtbegin.o
 .ARM.attributes
                0x0000004a       0x2d ./HAL/TFT/TFT_program.o
 .ARM.attributes
                0x00000077       0x2d ./MCAL/GPIO/GPIO_program.o
 .ARM.attributes
                0x000000a4       0x2d ./MCAL/RCC/RCC_program.o
 .ARM.attributes
                0x000000d1       0x2d ./MCAL/SPI/SPI_prog.o
 .ARM.attributes
                0x000000fe       0x2d ./MCAL/STK/STk_program.o
 .ARM.attributes
                0x0000012b       0x2d ./main.o
 .ARM.attributes
                0x00000158       0x21 ./startup_stm32f103c8tx.o
 .ARM.attributes
                0x00000179       0x2d C:/ST/STM32CubeIDE_1.16.1/STM32CubeIDE/plugins/com.st.stm32cube.ide.mcu.externaltools.gnu-tools-for-stm32.12.3.rel1.win32_1.0.200.202406191623/tools/bin/../lib/gcc/arm-none-eabi/12.3.1/../../../../arm-none-eabi/lib/thumb/v7-m/nofp\libc_nano.a(libc_a-init.o)
 .ARM.attributes
                0x000001a6       0x1d C:/ST/STM32CubeIDE_1.16.1/STM32CubeIDE/plugins/com.st.stm32cube.ide.mcu.externaltools.gnu-tools-for-stm32.12.3.rel1.win32_1.0.200.202406191623/tools/bin/../lib/gcc/arm-none-eabi/12.3.1/thumb/v7-m/nofp\libgcc.a(_arm_addsubsf3.o)
 .ARM.attributes
                0x000001c3       0x1d C:/ST/STM32CubeIDE_1.16.1/STM32CubeIDE/plugins/com.st.stm32cube.ide.mcu.externaltools.gnu-tools-for-stm32.12.3.rel1.win32_1.0.200.202406191623/tools/bin/../lib/gcc/arm-none-eabi/12.3.1/thumb/v7-m/nofp\libgcc.a(_arm_muldivsf3.o)
 .ARM.attributes
                0x000001e0       0x1d C:/ST/STM32CubeIDE_1.16.1/STM32CubeIDE/plugins/com.st.stm32cube.ide.mcu.externaltools.gnu-tools-for-stm32.12.3.rel1.win32_1.0.200.202406191623/tools/bin/../lib/gcc/arm-none-eabi/12.3.1/thumb/v7-m/nofp\libgcc.a(_arm_fixunssfsi.o)
 .ARM.attributes
                0x000001fd       0x1d C:/ST/STM32CubeIDE_1.16.1/STM32CubeIDE/plugins/com.st.stm32cube.ide.mcu.externaltools.gnu-tools-for-stm32.12.3.rel1.win32_1.0.200.202406191623/tools/bin/../lib/gcc/arm-none-eabi/12.3.1/thumb/v7-m/nofp/crtn.o
OUTPUT(TFT1.elf elf32-littlearm)
LOAD linker stubs
LOAD C:/ST/STM32CubeIDE_1.16.1/STM32CubeIDE/plugins/com.st.stm32cube.ide.mcu.externaltools.gnu-tools-for-stm32.12.3.rel1.win32_1.0.200.202406191623/tools/bin/../lib/gcc/arm-none-eabi/12.3.1/../../../../arm-none-eabi/lib/thumb/v7-m/nofp\libc.a
LOAD C:/ST/STM32CubeIDE_1.16.1/STM32CubeIDE/plugins/com.st.stm32cube.ide.mcu.externaltools.gnu-tools-for-stm32.12.3.rel1.win32_1.0.200.202406191623/tools/bin/../lib/gcc/arm-none-eabi/12.3.1/../../../../arm-none-eabi/lib/thumb/v7-m/nofp\libm.a
LOAD C:/ST/STM32CubeIDE_1.16.1/STM32CubeIDE/plugins/com.st.stm32cube.ide.mcu.externaltools.gnu-tools-for-stm32.12.3.rel1.win32_1.0.200.202406191623/tools/bin/../lib/gcc/arm-none-eabi/12.3.1/thumb/v7-m/nofp\libgcc.a

.debug_info     0x00000000      0xd62
 .debug_info    0x00000000      0x41c ./HAL/TFT/TFT_program.o
 .debug_info    0x0000041c      0x29c ./MCAL/GPIO/GPIO_program.o
 .debug_info    0x000006b8      0x116 ./MCAL/RCC/RCC_program.o
 .debug_info    0x000007ce      0x148 ./MCAL/SPI/SPI_prog.o
 .debug_info    0x00000916      0x2e2 ./MCAL/STK/STk_program.o
 .debug_info    0x00000bf8      0x13a ./main.o
 .debug_info    0x00000d32       0x30 ./startup_stm32f103c8tx.o

.debug_abbrev   0x00000000      0x603
 .debug_abbrev  0x00000000      0x167 ./HAL/TFT/TFT_program.o
 .debug_abbrev  0x00000167       0xea ./MCAL/GPIO/GPIO_program.o
 .debug_abbrev  0x00000251       0xa3 ./MCAL/RCC/RCC_program.o
 .debug_abbrev  0x000002f4       0xf8 ./MCAL/SPI/SPI_prog.o
 .debug_abbrev  0x000003ec      0x12d ./MCAL/STK/STk_program.o
 .debug_abbrev  0x00000519       0xc6 ./main.o
 .debug_abbrev  0x000005df       0x24 ./startup_stm32f103c8tx.o

.debug_aranges  0x00000000      0x1c0
 .debug_aranges
                0x00000000       0x60 ./HAL/TFT/TFT_program.o
 .debug_aranges
                0x00000060       0x58 ./MCAL/GPIO/GPIO_program.o
 .debug_aranges
                0x000000b8       0x38 ./MCAL/RCC/RCC_program.o
 .debug_aranges
                0x000000f0       0x30 ./MCAL/SPI/SPI_prog.o
 .debug_aranges
                0x00000120       0x58 ./MCAL/STK/STk_program.o
 .debug_aranges
                0x00000178       0x20 ./main.o
 .debug_aranges
                0x00000198       0x28 ./startup_stm32f103c8tx.o

.debug_rnglists
                0x00000000      0x13b
 .debug_rnglists
                0x00000000       0x49 ./HAL/TFT/TFT_program.o
 .debug_rnglists
                0x00000049       0x42 ./MCAL/GPIO/GPIO_program.o
 .debug_rnglists
                0x0000008b       0x26 ./MCAL/RCC/RCC_program.o
 .debug_rnglists
                0x000000b1       0x1f ./MCAL/SPI/SPI_prog.o
 .debug_rnglists
                0x000000d0       0x3f ./MCAL/STK/STk_program.o
 .debug_rnglists
                0x0000010f       0x13 ./main.o
 .debug_rnglists
                0x00000122       0x19 ./startup_stm32f103c8tx.o

.debug_macro    0x00000000     0x12bc
 .debug_macro   0x00000000       0xbd ./HAL/TFT/TFT_program.o
 .debug_macro   0x000000bd      0xaae ./HAL/TFT/TFT_program.o
 .debug_macro   0x00000b6b       0x22 ./HAL/TFT/TFT_program.o
 .debug_macro   0x00000b8d       0x9a ./HAL/TFT/TFT_program.o
 .debug_macro   0x00000c27       0xe8 ./HAL/TFT/TFT_program.o
 .debug_macro   0x00000d0f       0x10 ./HAL/TFT/TFT_program.o
 .debug_macro   0x00000d1f       0x46 ./HAL/TFT/TFT_program.o
 .debug_macro   0x00000d65       0x10 ./HAL/TFT/TFT_program.o
 .debug_macro   0x00000d75       0x64 ./HAL/TFT/TFT_program.o
 .debug_macro   0x00000dd9       0x58 ./HAL/TFT/TFT_program.o
 .debug_macro   0x00000e31       0x1c ./HAL/TFT/TFT_program.o
 .debug_macro   0x00000e4d       0x6a ./HAL/TFT/TFT_program.o
 .debug_macro   0x00000eb7       0x46 ./MCAL/GPIO/GPIO_program.o
 .debug_macro   0x00000efd       0x45 ./MCAL/RCC/RCC_program.o
 .debug_macro   0x00000f42       0xf4 ./MCAL/RCC/RCC_program.o
 .debug_macro   0x00001036       0x10 ./MCAL/RCC/RCC_program.o
 .debug_macro   0x00001046       0x9a ./MCAL/RCC/RCC_program.o
 .debug_macro   0x000010e0       0x6a ./MCAL/SPI/SPI_prog.o
 .debug_macro   0x0000114a       0x74 ./MCAL/STK/STk_program.o
 .debug_macro   0x000011be       0xfe ./main.o

.debug_line     0x00000000     0x12bc
 .debug_line    0x00000000      0x4c7 ./HAL/TFT/TFT_program.o
 .debug_line    0x000004c7      0x414 ./MCAL/GPIO/GPIO_program.o
 .debug_line    0x000008db      0x183 ./MCAL/RCC/RCC_program.o
 .debug_line    0x00000a5e      0x1d5 ./MCAL/SPI/SPI_prog.o
 .debug_line    0x00000c33      0x2c4 ./MCAL/STK/STk_program.o
 .debug_line    0x00000ef7      0x34e ./main.o
 .debug_line    0x00001245       0x77 ./startup_stm32f103c8tx.o

.debug_str      0x00000000     0x431e
 .debug_str     0x00000000     0x3b11 ./HAL/TFT/TFT_program.o
                               0x3b8e (size before relaxing)
 .debug_str     0x00003b11      0x121 ./MCAL/GPIO/GPIO_program.o
                               0x3692 (size before relaxing)
 .debug_str     0x00003c32      0x515 ./MCAL/RCC/RCC_program.o
                               0x339c (size before relaxing)
 .debug_str     0x00004147       0x51 ./MCAL/SPI/SPI_prog.o
                               0x37f2 (size before relaxing)
 .debug_str     0x00004198      0x140 ./MCAL/STK/STk_program.o
                               0x357e (size before relaxing)
 .debug_str     0x000042d8        0xf ./main.o
                               0x3f6d (size before relaxing)
 .debug_str     0x000042e7       0x37 ./startup_stm32f103c8tx.o
                                 0x49 (size before relaxing)

.comment        0x00000000       0x43
 .comment       0x00000000       0x43 ./HAL/TFT/TFT_program.o
                                 0x44 (size before relaxing)
 .comment       0x00000043       0x44 ./MCAL/GPIO/GPIO_program.o
 .comment       0x00000043       0x44 ./MCAL/RCC/RCC_program.o
 .comment       0x00000043       0x44 ./MCAL/SPI/SPI_prog.o
 .comment       0x00000043       0x44 ./MCAL/STK/STk_program.o
 .comment       0x00000043       0x44 ./main.o

.debug_frame    0x00000000      0x5dc
 .debug_frame   0x00000000      0x150 ./HAL/TFT/TFT_program.o
 .debug_frame   0x00000150      0x148 ./MCAL/GPIO/GPIO_program.o
 .debug_frame   0x00000298       0xa8 ./MCAL/RCC/RCC_program.o
 .debug_frame   0x00000340       0x74 ./MCAL/SPI/SPI_prog.o
 .debug_frame   0x000003b4      0x128 ./MCAL/STK/STk_program.o
 .debug_frame   0x000004dc       0x2c ./main.o
 .debug_frame   0x00000508       0x2c C:/ST/STM32CubeIDE_1.16.1/STM32CubeIDE/plugins/com.st.stm32cube.ide.mcu.externaltools.gnu-tools-for-stm32.12.3.rel1.win32_1.0.200.202406191623/tools/bin/../lib/gcc/arm-none-eabi/12.3.1/../../../../arm-none-eabi/lib/thumb/v7-m/nofp\libc_nano.a(libc_a-init.o)
 .debug_frame   0x00000534       0x4c C:/ST/STM32CubeIDE_1.16.1/STM32CubeIDE/plugins/com.st.stm32cube.ide.mcu.externaltools.gnu-tools-for-stm32.12.3.rel1.win32_1.0.200.202406191623/tools/bin/../lib/gcc/arm-none-eabi/12.3.1/thumb/v7-m/nofp\libgcc.a(_arm_addsubsf3.o)
 .debug_frame   0x00000580       0x38 C:/ST/STM32CubeIDE_1.16.1/STM32CubeIDE/plugins/com.st.stm32cube.ide.mcu.externaltools.gnu-tools-for-stm32.12.3.rel1.win32_1.0.200.202406191623/tools/bin/../lib/gcc/arm-none-eabi/12.3.1/thumb/v7-m/nofp\libgcc.a(_arm_muldivsf3.o)
 .debug_frame   0x000005b8       0x24 C:/ST/STM32CubeIDE_1.16.1/STM32CubeIDE/plugins/com.st.stm32cube.ide.mcu.externaltools.gnu-tools-for-stm32.12.3.rel1.win32_1.0.200.202406191623/tools/bin/../lib/gcc/arm-none-eabi/12.3.1/thumb/v7-m/nofp\libgcc.a(_arm_fixunssfsi.o)

.debug_line_str
                0x00000000       0x2d
 .debug_line_str
                0x00000000       0x2d ./startup_stm32f103c8tx.o
